  Determining projects to restore...
H:\Code\Runbook\runbook-actions\src\Runbook.LogiPlugin\Runbook.LogiPlugin.csproj : warning NU1903: Package 'System.Text.Json' 8.0.2 has a known high severity vulnerability, https://github.com/advisories/GHSA-8g4q-xg66-9fp4 [H:\Code\Runbook\runbook-actions\src\Runbook.LogiPlugin.sln]
H:\Code\Runbook\runbook-actions\src\Runbook.LogiPlugin\Runbook.LogiPlugin.csproj : warning NU1903: Package 'System.Text.Json' 8.0.2 has a known high severity vulnerability, https://github.com/advisories/GHSA-hh2w-p6rv-4g7w [H:\Code\Runbook\runbook-actions\src\Runbook.LogiPlugin.sln]
  All projects are up-to-date for restore.
H:\Code\Runbook\runbook-actions\src\Runbook.LogiPlugin\Runbook.LogiPlugin.csproj : warning NU1903: Package 'System.Text.Json' 8.0.2 has a known high severity vulnerability, https://github.com/advisories/GHSA-8g4q-xg66-9fp4
H:\Code\Runbook\runbook-actions\src\Runbook.LogiPlugin\Runbook.LogiPlugin.csproj : warning NU1903: Package 'System.Text.Json' 8.0.2 has a known high severity vulnerability, https://github.com/advisories/GHSA-hh2w-p6rv-4g7w
  Runbook.LogiPlugin -> H:\Code\Runbook\runbook-actions\src\Runbook.LogiPlugin\bin\Debug\net8.0\Runbook.dll
H:\Code\Runbook\runbook-actions\src\Runbook.LogiPlugin.Tests\KeypadSlotRenderBehaviors.cs(23,23): error CS0117: 'RunbookPlugin' does not contain a definition for 'Instance' [H:\Code\Runbook\runbook-actions\src\Runbook.LogiPlugin.Tests\Runbook.LogiPlugin.Tests.csproj]
H:\Code\Runbook\runbook-actions\src\Runbook.LogiPlugin.Tests\GuardBehaviors.cs(42,31): error CS0117: 'RunbookPlugin' does not contain a definition for 'Instance' [H:\Code\Runbook\runbook-actions\src\Runbook.LogiPlugin.Tests\Runbook.LogiPlugin.Tests.csproj]
H:\Code\Runbook\runbook-actions\src\Runbook.LogiPlugin.Tests\GuardBehaviors.cs(73,31): error CS0117: 'RunbookPlugin' does not contain a definition for 'Instance' [H:\Code\Runbook\runbook-actions\src\Runbook.LogiPlugin.Tests\Runbook.LogiPlugin.Tests.csproj]
H:\Code\Runbook\runbook-actions\src\Runbook.LogiPlugin.Tests\RunbookPluginBehaviors.cs(26,23): error CS0117: 'RunbookPlugin' does not contain a definition for 'Instance' [H:\Code\Runbook\runbook-actions\src\Runbook.LogiPlugin.Tests\Runbook.LogiPlugin.Tests.csproj]
H:\Code\Runbook\runbook-actions\src\Runbook.LogiPlugin.Tests\KeypadSlotRenderBehaviors.cs(57,16): error CS1061: 'RunbookPlugin' does not contain a definition for 'Daemon' and no accessible extension method 'Daemon' accepting a first argument of type 'RunbookPlugin' could be found (are you missing a using directive or an assembly reference?) [H:\Code\Runbook\runbook-actions\src\Runbook.LogiPlugin.Tests\Runbook.LogiPlugin.Tests.csproj]
H:\Code\Runbook\runbook-actions\src\Runbook.LogiPlugin.Tests\KeypadSlotRenderBehaviors.cs(59,30): error CS1061: 'RunbookPlugin' does not contain a definition for 'Daemon' and no accessible extension method 'Daemon' accepting a first argument of type 'RunbookPlugin' could be found (are you missing a using directive or an assembly reference?) [H:\Code\Runbook\runbook-actions\src\Runbook.LogiPlugin.Tests\Runbook.LogiPlugin.Tests.csproj]
H:\Code\Runbook\runbook-actions\src\Runbook.LogiPlugin.Tests\RunbookPluginBehaviors.cs(38,16): error CS1061: 'RunbookPlugin' does not contain a definition for 'Daemon' and no accessible extension method 'Daemon' accepting a first argument of type 'RunbookPlugin' could be found (are you missing a using directive or an assembly reference?) [H:\Code\Runbook\runbook-actions\src\Runbook.LogiPlugin.Tests\Runbook.LogiPlugin.Tests.csproj]
H:\Code\Runbook\runbook-actions\src\Runbook.LogiPlugin.Tests\RunbookPluginBehaviors.cs(51,16): error CS1061: 'RunbookPlugin' does not contain a definition for 'Daemon' and no accessible extension method 'Daemon' accepting a first argument of type 'RunbookPlugin' could be found (are you missing a using directive or an assembly reference?) [H:\Code\Runbook\runbook-actions\src\Runbook.LogiPlugin.Tests\Runbook.LogiPlugin.Tests.csproj]
H:\Code\Runbook\runbook-actions\src\Runbook.LogiPlugin.Tests\GuardBehaviors.cs(104,31): error CS0117: 'RunbookPlugin' does not contain a definition for 'Instance' [H:\Code\Runbook\runbook-actions\src\Runbook.LogiPlugin.Tests\Runbook.LogiPlugin.Tests.csproj]
H:\Code\Runbook\runbook-actions\src\Runbook.LogiPlugin.Tests\RunbookPluginBehaviors.cs(63,16): error CS1061: 'RunbookPlugin' does not contain a definition for 'Daemon' and no accessible extension method 'Daemon' accepting a first argument of type 'RunbookPlugin' could be found (are you missing a using directive or an assembly reference?) [H:\Code\Runbook\runbook-actions\src\Runbook.LogiPlugin.Tests\Runbook.LogiPlugin.Tests.csproj]
H:\Code\Runbook\runbook-actions\src\Runbook.LogiPlugin.Tests\RunbookPluginBehaviors.cs(64,16): error CS1061: 'RunbookPlugin' does not contain a definition for 'Daemon' and no accessible extension method 'Daemon' accepting a first argument of type 'RunbookPlugin' could be found (are you missing a using directive or an assembly reference?) [H:\Code\Runbook\runbook-actions\src\Runbook.LogiPlugin.Tests\Runbook.LogiPlugin.Tests.csproj]
H:\Code\Runbook\runbook-actions\src\Runbook.LogiPlugin.Tests\RunbookPluginBehaviors.cs(79,23): error CS0117: 'RunbookPlugin' does not contain a definition for 'Instance' [H:\Code\Runbook\runbook-actions\src\Runbook.LogiPlugin.Tests\Runbook.LogiPlugin.Tests.csproj]
H:\Code\Runbook\runbook-actions\src\Runbook.LogiPlugin.Tests\GuardBehaviors.cs(134,31): error CS0117: 'RunbookPlugin' does not contain a definition for 'Instance' [H:\Code\Runbook\runbook-actions\src\Runbook.LogiPlugin.Tests\Runbook.LogiPlugin.Tests.csproj]
H:\Code\Runbook\runbook-actions\src\Runbook.LogiPlugin.Tests\RunbookPluginBehaviors.cs(118,23): error CS0117: 'RunbookPlugin' does not contain a definition for 'Instance' [H:\Code\Runbook\runbook-actions\src\Runbook.LogiPlugin.Tests\Runbook.LogiPlugin.Tests.csproj]
H:\Code\Runbook\runbook-actions\src\Runbook.LogiPlugin.Tests\ThreadSafetyBehaviors.cs(46,14): warning xUnit1031: Test methods should not use blocking task operations, as they can cause deadlocks. Use an async test method and await instead. (https://xunit.net/xunit.analyzers/rules/xUnit1031) [H:\Code\Runbook\runbook-actions\src\Runbook.LogiPlugin.Tests\Runbook.LogiPlugin.Tests.csproj]

Build FAILED.

H:\Code\Runbook\runbook-actions\src\Runbook.LogiPlugin\Runbook.LogiPlugin.csproj : warning NU1903: Package 'System.Text.Json' 8.0.2 has a known high severity vulnerability, https://github.com/advisories/GHSA-8g4q-xg66-9fp4 [H:\Code\Runbook\runbook-actions\src\Runbook.LogiPlugin.sln]
H:\Code\Runbook\runbook-actions\src\Runbook.LogiPlugin\Runbook.LogiPlugin.csproj : warning NU1903: Package 'System.Text.Json' 8.0.2 has a known high severity vulnerability, https://github.com/advisories/GHSA-hh2w-p6rv-4g7w [H:\Code\Runbook\runbook-actions\src\Runbook.LogiPlugin.sln]
H:\Code\Runbook\runbook-actions\src\Runbook.LogiPlugin\Runbook.LogiPlugin.csproj : warning NU1903: Package 'System.Text.Json' 8.0.2 has a known high severity vulnerability, https://github.com/advisories/GHSA-8g4q-xg66-9fp4
H:\Code\Runbook\runbook-actions\src\Runbook.LogiPlugin\Runbook.LogiPlugin.csproj : warning NU1903: Package 'System.Text.Json' 8.0.2 has a known high severity vulnerability, https://github.com/advisories/GHSA-hh2w-p6rv-4g7w
H:\Code\Runbook\runbook-actions\src\Runbook.LogiPlugin.Tests\ThreadSafetyBehaviors.cs(46,14): warning xUnit1031: Test methods should not use blocking task operations, as they can cause deadlocks. Use an async test method and await instead. (https://xunit.net/xunit.analyzers/rules/xUnit1031) [H:\Code\Runbook\runbook-actions\src\Runbook.LogiPlugin.Tests\Runbook.LogiPlugin.Tests.csproj]
H:\Code\Runbook\runbook-actions\src\Runbook.LogiPlugin.Tests\KeypadSlotRenderBehaviors.cs(23,23): error CS0117: 'RunbookPlugin' does not contain a definition for 'Instance' [H:\Code\Runbook\runbook-actions\src\Runbook.LogiPlugin.Tests\Runbook.LogiPlugin.Tests.csproj]
H:\Code\Runbook\runbook-actions\src\Runbook.LogiPlugin.Tests\GuardBehaviors.cs(42,31): error CS0117: 'RunbookPlugin' does not contain a definition for 'Instance' [H:\Code\Runbook\runbook-actions\src\Runbook.LogiPlugin.Tests\Runbook.LogiPlugin.Tests.csproj]
H:\Code\Runbook\runbook-actions\src\Runbook.LogiPlugin.Tests\GuardBehaviors.cs(73,31): error CS0117: 'RunbookPlugin' does not contain a definition for 'Instance' [H:\Code\Runbook\runbook-actions\src\Runbook.LogiPlugin.Tests\Runbook.LogiPlugin.Tests.csproj]
H:\Code\Runbook\runbook-actions\src\Runbook.LogiPlugin.Tests\RunbookPluginBehaviors.cs(26,23): error CS0117: 'RunbookPlugin' does not contain a definition for 'Instance' [H:\Code\Runbook\runbook-actions\src\Runbook.LogiPlugin.Tests\Runbook.LogiPlugin.Tests.csproj]
H:\Code\Runbook\runbook-actions\src\Runbook.LogiPlugin.Tests\KeypadSlotRenderBehaviors.cs(57,16): error CS1061: 'RunbookPlugin' does not contain a definition for 'Daemon' and no accessible extension method 'Daemon' accepting a first argument of type 'RunbookPlugin' could be found (are you missing a using directive or an assembly reference?) [H:\Code\Runbook\runbook-actions\src\Runbook.LogiPlugin.Tests\Runbook.LogiPlugin.Tests.csproj]
H:\Code\Runbook\runbook-actions\src\Runbook.LogiPlugin.Tests\KeypadSlotRenderBehaviors.cs(59,30): error CS1061: 'RunbookPlugin' does not contain a definition for 'Daemon' and no accessible extension method 'Daemon' accepting a first argument of type 'RunbookPlugin' could be found (are you missing a using directive or an assembly reference?) [H:\Code\Runbook\runbook-actions\src\Runbook.LogiPlugin.Tests\Runbook.LogiPlugin.Tests.csproj]
H:\Code\Runbook\runbook-actions\src\Runbook.LogiPlugin.Tests\RunbookPluginBehaviors.cs(38,16): error CS1061: 'RunbookPlugin' does not contain a definition for 'Daemon' and no accessible extension method 'Daemon' accepting a first argument of type 'RunbookPlugin' could be found (are you missing a using directive or an assembly reference?) [H:\Code\Runbook\runbook-actions\src\Runbook.LogiPlugin.Tests\Runbook.LogiPlugin.Tests.csproj]
H:\Code\Runbook\runbook-actions\src\Runbook.LogiPlugin.Tests\RunbookPluginBehaviors.cs(51,16): error CS1061: 'RunbookPlugin' does not contain a definition for 'Daemon' and no accessible extension method 'Daemon' accepting a first argument of type 'RunbookPlugin' could be found (are you missing a using directive or an assembly reference?) [H:\Code\Runbook\runbook-actions\src\Runbook.LogiPlugin.Tests\Runbook.LogiPlugin.Tests.csproj]
H:\Code\Runbook\runbook-actions\src\Runbook.LogiPlugin.Tests\GuardBehaviors.cs(104,31): error CS0117: 'RunbookPlugin' does not contain a definition for 'Instance' [H:\Code\Runbook\runbook-actions\src\Runbook.LogiPlugin.Tests\Runbook.LogiPlugin.Tests.csproj]
H:\Code\Runbook\runbook-actions\src\Runbook.LogiPlugin.Tests\RunbookPluginBehaviors.cs(63,16): error CS1061: 'RunbookPlugin' does not contain a definition for 'Daemon' and no accessible extension method 'Daemon' accepting a first argument of type 'RunbookPlugin' could be found (are you missing a using directive or an assembly reference?) [H:\Code\Runbook\runbook-actions\src\Runbook.LogiPlugin.Tests\Runbook.LogiPlugin.Tests.csproj]
H:\Code\Runbook\runbook-actions\src\Runbook.LogiPlugin.Tests\RunbookPluginBehaviors.cs(64,16): error CS1061: 'RunbookPlugin' does not contain a definition for 'Daemon' and no accessible extension method 'Daemon' accepting a first argument of type 'RunbookPlugin' could be found (are you missing a using directive or an assembly reference?) [H:\Code\Runbook\runbook-actions\src\Runbook.LogiPlugin.Tests\Runbook.LogiPlugin.Tests.csproj]
H:\Code\Runbook\runbook-actions\src\Runbook.LogiPlugin.Tests\RunbookPluginBehaviors.cs(79,23): error CS0117: 'RunbookPlugin' does not contain a definition for 'Instance' [H:\Code\Runbook\runbook-actions\src\Runbook.LogiPlugin.Tests\Runbook.LogiPlugin.Tests.csproj]
H:\Code\Runbook\runbook-actions\src\Runbook.LogiPlugin.Tests\GuardBehaviors.cs(134,31): error CS0117: 'RunbookPlugin' does not contain a definition for 'Instance' [H:\Code\Runbook\runbook-actions\src\Runbook.LogiPlugin.Tests\Runbook.LogiPlugin.Tests.csproj]
H:\Code\Runbook\runbook-actions\src\Runbook.LogiPlugin.Tests\RunbookPluginBehaviors.cs(118,23): error CS0117: 'RunbookPlugin' does not contain a definition for 'Instance' [H:\Code\Runbook\runbook-actions\src\Runbook.LogiPlugin.Tests\Runbook.LogiPlugin.Tests.csproj]
    5 Warning(s)
    14 Error(s)

Time Elapsed 00:00:01.59
