  Determining projects to restore...
H:\Code\Runbook\runbook-actions\src\Runbook.LogiPlugin\Runbook.LogiPlugin.csproj : warning NU1903: Package 'System.Text.Json' 8.0.2 has a known high severity vulnerability, https://github.com/advisories/GHSA-8g4q-xg66-9fp4 [H:\Code\Runbook\runbook-actions\src\Runbook.LogiPlugin.sln]
H:\Code\Runbook\runbook-actions\src\Runbook.LogiPlugin\Runbook.LogiPlugin.csproj : warning NU1903: Package 'System.Text.Json' 8.0.2 has a known high severity vulnerability, https://github.com/advisories/GHSA-hh2w-p6rv-4g7w [H:\Code\Runbook\runbook-actions\src\Runbook.LogiPlugin.sln]
  All projects are up-to-date for restore.
H:\Code\Runbook\runbook-actions\src\Runbook.LogiPlugin\Runbook.LogiPlugin.csproj : warning NU1903: Package 'System.Text.Json' 8.0.2 has a known high severity vulnerability, https://github.com/advisories/GHSA-8g4q-xg66-9fp4
H:\Code\Runbook\runbook-actions\src\Runbook.LogiPlugin\Runbook.LogiPlugin.csproj : warning NU1903: Package 'System.Text.Json' 8.0.2 has a known high severity vulnerability, https://github.com/advisories/GHSA-hh2w-p6rv-4g7w
H:\Code\Runbook\runbook-actions\src\Runbook.LogiPlugin\RunbookPlugin.cs(59,20): error CS1061: 'DaemonClient' does not contain a definition for 'ConnectionState' and no accessible extension method 'ConnectionState' accepting a first argument of type 'DaemonClient' could be found (are you missing a using directive or an assembly reference?) [H:\Code\Runbook\runbook-actions\src\Runbook.LogiPlugin\Runbook.LogiPlugin.csproj]
H:\Code\Runbook\runbook-actions\src\Runbook.LogiPlugin\RunbookPlugin.cs(64,20): error CS1061: 'DaemonClient' does not contain a definition for 'ConnectionState' and no accessible extension method 'ConnectionState' accepting a first argument of type 'DaemonClient' could be found (are you missing a using directive or an assembly reference?) [H:\Code\Runbook\runbook-actions\src\Runbook.LogiPlugin\Runbook.LogiPlugin.csproj]
H:\Code\Runbook\runbook-actions\src\Runbook.LogiPlugin\RunbookPlugin.cs(65,20): error CS1061: 'DaemonClient' does not contain a definition for 'ConnectionState' and no accessible extension method 'ConnectionState' accepting a first argument of type 'DaemonClient' could be found (are you missing a using directive or an assembly reference?) [H:\Code\Runbook\runbook-actions\src\Runbook.LogiPlugin\Runbook.LogiPlugin.csproj]

Build FAILED.

H:\Code\Runbook\runbook-actions\src\Runbook.LogiPlugin\Runbook.LogiPlugin.csproj : warning NU1903: Package 'System.Text.Json' 8.0.2 has a known high severity vulnerability, https://github.com/advisories/GHSA-8g4q-xg66-9fp4 [H:\Code\Runbook\runbook-actions\src\Runbook.LogiPlugin.sln]
H:\Code\Runbook\runbook-actions\src\Runbook.LogiPlugin\Runbook.LogiPlugin.csproj : warning NU1903: Package 'System.Text.Json' 8.0.2 has a known high severity vulnerability, https://github.com/advisories/GHSA-hh2w-p6rv-4g7w [H:\Code\Runbook\runbook-actions\src\Runbook.LogiPlugin.sln]
H:\Code\Runbook\runbook-actions\src\Runbook.LogiPlugin\Runbook.LogiPlugin.csproj : warning NU1903: Package 'System.Text.Json' 8.0.2 has a known high severity vulnerability, https://github.com/advisories/GHSA-8g4q-xg66-9fp4
H:\Code\Runbook\runbook-actions\src\Runbook.LogiPlugin\Runbook.LogiPlugin.csproj : warning NU1903: Package 'System.Text.Json' 8.0.2 has a known high severity vulnerability, https://github.com/advisories/GHSA-hh2w-p6rv-4g7w
H:\Code\Runbook\runbook-actions\src\Runbook.LogiPlugin\RunbookPlugin.cs(59,20): error CS1061: 'DaemonClient' does not contain a definition for 'ConnectionState' and no accessible extension method 'ConnectionState' accepting a first argument of type 'DaemonClient' could be found (are you missing a using directive or an assembly reference?) [H:\Code\Runbook\runbook-actions\src\Runbook.LogiPlugin\Runbook.LogiPlugin.csproj]
H:\Code\Runbook\runbook-actions\src\Runbook.LogiPlugin\RunbookPlugin.cs(64,20): error CS1061: 'DaemonClient' does not contain a definition for 'ConnectionState' and no accessible extension method 'ConnectionState' accepting a first argument of type 'DaemonClient' could be found (are you missing a using directive or an assembly reference?) [H:\Code\Runbook\runbook-actions\src\Runbook.LogiPlugin\Runbook.LogiPlugin.csproj]
H:\Code\Runbook\runbook-actions\src\Runbook.LogiPlugin\RunbookPlugin.cs(65,20): error CS1061: 'DaemonClient' does not contain a definition for 'ConnectionState' and no accessible extension method 'ConnectionState' accepting a first argument of type 'DaemonClient' could be found (are you missing a using directive or an assembly reference?) [H:\Code\Runbook\runbook-actions\src\Runbook.LogiPlugin\Runbook.LogiPlugin.csproj]
    4 Warning(s)
    3 Error(s)

Time Elapsed 00:00:06.35
