  Determining projects to restore...
H:\Code\Runbook\runbook-actions\src\Runbook.LogiPlugin\Runbook.LogiPlugin.csproj : warning NU1903: Package 'System.Text.Json' 8.0.2 has a known high severity vulnerability, https://github.com/advisories/GHSA-8g4q-xg66-9fp4 [H:\Code\Runbook\runbook-actions\src\Runbook.LogiPlugin.sln]
H:\Code\Runbook\runbook-actions\src\Runbook.LogiPlugin\Runbook.LogiPlugin.csproj : warning NU1903: Package 'System.Text.Json' 8.0.2 has a known high severity vulnerability, https://github.com/advisories/GHSA-hh2w-p6rv-4g7w [H:\Code\Runbook\runbook-actions\src\Runbook.LogiPlugin.sln]
  All projects are up-to-date for restore.
H:\Code\Runbook\runbook-actions\src\Runbook.LogiPlugin\Runbook.LogiPlugin.csproj : warning NU1903: Package 'System.Text.Json' 8.0.2 has a known high severity vulnerability, https://github.com/advisories/GHSA-8g4q-xg66-9fp4
H:\Code\Runbook\runbook-actions\src\Runbook.LogiPlugin\Runbook.LogiPlugin.csproj : warning NU1903: Package 'System.Text.Json' 8.0.2 has a known high severity vulnerability, https://github.com/advisories/GHSA-hh2w-p6rv-4g7w
  Runbook.LogiPlugin -> H:\Code\Runbook\runbook-actions\src\Runbook.LogiPlugin\bin\Debug\net8.0\Runbook.dll
  Runbook.LogiPlugin.Tests -> H:\Code\Runbook\runbook-actions\src\Runbook.LogiPlugin.Tests\bin\Debug\net8.0\Runbook.LogiPlugin.Tests.dll
Test run for H:\Code\Runbook\runbook-actions\src\Runbook.LogiPlugin.Tests\bin\Debug\net8.0\Runbook.LogiPlugin.Tests.dll (.NETCoreApp,Version=v8.0)
VSTest version 17.14.1 (x64)

Starting test execution, please wait...
A total of 1 test files matched the specified pattern.
  Failed Runbook.LogiPlugin.Tests.KeypadSlotRenderBehaviors.Given_Invalid_Slot_Parameter_GetCommandImage_Should_Return_Null [67 ms]
  Error Message:
   Expected result to be <null> because invalid slot parameter should return null, but found Loupedeck.BitmapImage{ }.
  Stack Trace:
     at FluentAssertions.Execution.LateBoundTestFramework.Throw(String message)
   at FluentAssertions.Execution.DefaultAssertionStrategy.HandleFailure(String message)
   at FluentAssertions.Execution.AssertionScope.AddPreFormattedFailure(String formattedFailureMessage)
   at FluentAssertions.Execution.AssertionChain.FailWith(Func`1 getFailureReason)
   at FluentAssertions.Execution.AssertionChain.FailWith(Func`1 getFailureReason)
   at FluentAssertions.Execution.AssertionChain.FailWith(String message, Object[] args)
   at FluentAssertions.Primitives.ReferenceTypeAssertions`2.BeNull(String because, Object[] becauseArgs)
   at Runbook.LogiPlugin.Tests.KeypadSlotRenderBehaviors.Given_Invalid_Slot_Parameter_GetCommandImage_Should_Return_Null() in H:\Code\Runbook\runbook-actions\src\Runbook.LogiPlugin.Tests\KeypadSlotRenderBehaviors.cs:line 45
   at System.RuntimeMethodHandle.InvokeMethod(Object target, Void** arguments, Signature sig, Boolean isConstructor)
   at System.Reflection.MethodBaseInvoker.InvokeWithNoArgs(Object obj, BindingFlags invokeAttr)

Failed!  - Failed:     1, Passed:   133, Skipped:     0, Total:   134, Duration: 428 ms - Runbook.LogiPlugin.Tests.dll (net8.0)
