  Determining projects to restore...
H:\Code\Runbook\runbook-actions\src\Runbook.LogiPlugin\Runbook.LogiPlugin.csproj : warning NU1903: Package 'System.Text.Json' 8.0.2 has a known high severity vulnerability, https://github.com/advisories/GHSA-8g4q-xg66-9fp4 [H:\Code\Runbook\runbook-actions\src\Runbook.LogiPlugin.sln]
H:\Code\Runbook\runbook-actions\src\Runbook.LogiPlugin\Runbook.LogiPlugin.csproj : warning NU1903: Package 'System.Text.Json' 8.0.2 has a known high severity vulnerability, https://github.com/advisories/GHSA-hh2w-p6rv-4g7w [H:\Code\Runbook\runbook-actions\src\Runbook.LogiPlugin.sln]
  All projects are up-to-date for restore.
H:\Code\Runbook\runbook-actions\src\Runbook.LogiPlugin\Runbook.LogiPlugin.csproj : warning NU1903: Package 'System.Text.Json' 8.0.2 has a known high severity vulnerability, https://github.com/advisories/GHSA-8g4q-xg66-9fp4
H:\Code\Runbook\runbook-actions\src\Runbook.LogiPlugin\Runbook.LogiPlugin.csproj : warning NU1903: Package 'System.Text.Json' 8.0.2 has a known high severity vulnerability, https://github.com/advisories/GHSA-hh2w-p6rv-4g7w
H:\Code\Runbook\runbook-actions\src\Runbook.LogiPlugin\Actions\DialpadButtonCommand.cs(3,7): error CS0246: The type or namespace name 'Loupedeck' could not be found (are you missing a using directive or an assembly reference?) [H:\Code\Runbook\runbook-actions\src\Runbook.LogiPlugin\Runbook.LogiPlugin.csproj]
H:\Code\Runbook\runbook-actions\src\Runbook.LogiPlugin\Actions\KeypadSlotCommand.cs(4,7): error CS0246: The type or namespace name 'Loupedeck' could not be found (are you missing a using directive or an assembly reference?) [H:\Code\Runbook\runbook-actions\src\Runbook.LogiPlugin\Runbook.LogiPlugin.csproj]
H:\Code\Runbook\runbook-actions\src\Runbook.LogiPlugin\Adjustments\RunbookAdjustment.cs(1,7): error CS0246: The type or namespace name 'Loupedeck' could not be found (are you missing a using directive or an assembly reference?) [H:\Code\Runbook\runbook-actions\src\Runbook.LogiPlugin\Runbook.LogiPlugin.csproj]
H:\Code\Runbook\runbook-actions\src\Runbook.LogiPlugin\RunbookPlugin.cs(5,7): error CS0246: The type or namespace name 'Loupedeck' could not be found (are you missing a using directive or an assembly reference?) [H:\Code\Runbook\runbook-actions\src\Runbook.LogiPlugin\Runbook.LogiPlugin.csproj]
H:\Code\Runbook\runbook-actions\src\Runbook.LogiPlugin\Actions\DialpadButtonCommand.cs(15,44): error CS0246: The type or namespace name 'PluginDynamicCommand' could not be found (are you missing a using directive or an assembly reference?) [H:\Code\Runbook\runbook-actions\src\Runbook.LogiPlugin\Runbook.LogiPlugin.csproj]
H:\Code\Runbook\runbook-actions\src\Runbook.LogiPlugin\Adjustments\RunbookAdjustment.cs(10,41): error CS0246: The type or namespace name 'PluginDynamicAdjustment' could not be found (are you missing a using directive or an assembly reference?) [H:\Code\Runbook\runbook-actions\src\Runbook.LogiPlugin\Runbook.LogiPlugin.csproj]
H:\Code\Runbook\runbook-actions\src\Runbook.LogiPlugin\Actions\KeypadSlotCommand.cs(12,41): error CS0246: The type or namespace name 'PluginDynamicCommand' could not be found (are you missing a using directive or an assembly reference?) [H:\Code\Runbook\runbook-actions\src\Runbook.LogiPlugin\Runbook.LogiPlugin.csproj]
H:\Code\Runbook\runbook-actions\src\Runbook.LogiPlugin\RunbookPlugin.cs(21,37): error CS0246: The type or namespace name 'Plugin' could not be found (are you missing a using directive or an assembly reference?) [H:\Code\Runbook\runbook-actions\src\Runbook.LogiPlugin\Runbook.LogiPlugin.csproj]
H:\Code\Runbook\runbook-actions\src\Runbook.LogiPlugin\Actions\KeypadSlotCommand.cs(42,77): error CS0246: The type or namespace name 'PluginImageSize' could not be found (are you missing a using directive or an assembly reference?) [H:\Code\Runbook\runbook-actions\src\Runbook.LogiPlugin\Runbook.LogiPlugin.csproj]
H:\Code\Runbook\runbook-actions\src\Runbook.LogiPlugin\Actions\KeypadSlotCommand.cs(42,24): error CS0246: The type or namespace name 'BitmapImage' could not be found (are you missing a using directive or an assembly reference?) [H:\Code\Runbook\runbook-actions\src\Runbook.LogiPlugin\Runbook.LogiPlugin.csproj]

Build FAILED.

H:\Code\Runbook\runbook-actions\src\Runbook.LogiPlugin\Runbook.LogiPlugin.csproj : warning NU1903: Package 'System.Text.Json' 8.0.2 has a known high severity vulnerability, https://github.com/advisories/GHSA-8g4q-xg66-9fp4 [H:\Code\Runbook\runbook-actions\src\Runbook.LogiPlugin.sln]
H:\Code\Runbook\runbook-actions\src\Runbook.LogiPlugin\Runbook.LogiPlugin.csproj : warning NU1903: Package 'System.Text.Json' 8.0.2 has a known high severity vulnerability, https://github.com/advisories/GHSA-hh2w-p6rv-4g7w [H:\Code\Runbook\runbook-actions\src\Runbook.LogiPlugin.sln]
H:\Code\Runbook\runbook-actions\src\Runbook.LogiPlugin\Runbook.LogiPlugin.csproj : warning NU1903: Package 'System.Text.Json' 8.0.2 has a known high severity vulnerability, https://github.com/advisories/GHSA-8g4q-xg66-9fp4
H:\Code\Runbook\runbook-actions\src\Runbook.LogiPlugin\Runbook.LogiPlugin.csproj : warning NU1903: Package 'System.Text.Json' 8.0.2 has a known high severity vulnerability, https://github.com/advisories/GHSA-hh2w-p6rv-4g7w
H:\Code\Runbook\runbook-actions\src\Runbook.LogiPlugin\Actions\DialpadButtonCommand.cs(3,7): error CS0246: The type or namespace name 'Loupedeck' could not be found (are you missing a using directive or an assembly reference?) [H:\Code\Runbook\runbook-actions\src\Runbook.LogiPlugin\Runbook.LogiPlugin.csproj]
H:\Code\Runbook\runbook-actions\src\Runbook.LogiPlugin\Actions\KeypadSlotCommand.cs(4,7): error CS0246: The type or namespace name 'Loupedeck' could not be found (are you missing a using directive or an assembly reference?) [H:\Code\Runbook\runbook-actions\src\Runbook.LogiPlugin\Runbook.LogiPlugin.csproj]
H:\Code\Runbook\runbook-actions\src\Runbook.LogiPlugin\Adjustments\RunbookAdjustment.cs(1,7): error CS0246: The type or namespace name 'Loupedeck' could not be found (are you missing a using directive or an assembly reference?) [H:\Code\Runbook\runbook-actions\src\Runbook.LogiPlugin\Runbook.LogiPlugin.csproj]
H:\Code\Runbook\runbook-actions\src\Runbook.LogiPlugin\RunbookPlugin.cs(5,7): error CS0246: The type or namespace name 'Loupedeck' could not be found (are you missing a using directive or an assembly reference?) [H:\Code\Runbook\runbook-actions\src\Runbook.LogiPlugin\Runbook.LogiPlugin.csproj]
H:\Code\Runbook\runbook-actions\src\Runbook.LogiPlugin\Actions\DialpadButtonCommand.cs(15,44): error CS0246: The type or namespace name 'PluginDynamicCommand' could not be found (are you missing a using directive or an assembly reference?) [H:\Code\Runbook\runbook-actions\src\Runbook.LogiPlugin\Runbook.LogiPlugin.csproj]
H:\Code\Runbook\runbook-actions\src\Runbook.LogiPlugin\Adjustments\RunbookAdjustment.cs(10,41): error CS0246: The type or namespace name 'PluginDynamicAdjustment' could not be found (are you missing a using directive or an assembly reference?) [H:\Code\Runbook\runbook-actions\src\Runbook.LogiPlugin\Runbook.LogiPlugin.csproj]
H:\Code\Runbook\runbook-actions\src\Runbook.LogiPlugin\Actions\KeypadSlotCommand.cs(12,41): error CS0246: The type or namespace name 'PluginDynamicCommand' could not be found (are you missing a using directive or an assembly reference?) [H:\Code\Runbook\runbook-actions\src\Runbook.LogiPlugin\Runbook.LogiPlugin.csproj]
H:\Code\Runbook\runbook-actions\src\Runbook.LogiPlugin\RunbookPlugin.cs(21,37): error CS0246: The type or namespace name 'Plugin' could not be found (are you missing a using directive or an assembly reference?) [H:\Code\Runbook\runbook-actions\src\Runbook.LogiPlugin\Runbook.LogiPlugin.csproj]
H:\Code\Runbook\runbook-actions\src\Runbook.LogiPlugin\Actions\KeypadSlotCommand.cs(42,77): error CS0246: The type or namespace name 'PluginImageSize' could not be found (are you missing a using directive or an assembly reference?) [H:\Code\Runbook\runbook-actions\src\Runbook.LogiPlugin\Runbook.LogiPlugin.csproj]
H:\Code\Runbook\runbook-actions\src\Runbook.LogiPlugin\Actions\KeypadSlotCommand.cs(42,24): error CS0246: The type or namespace name 'BitmapImage' could not be found (are you missing a using directive or an assembly reference?) [H:\Code\Runbook\runbook-actions\src\Runbook.LogiPlugin\Runbook.LogiPlugin.csproj]
    4 Warning(s)
    10 Error(s)

Time Elapsed 00:00:01.17
